2026-03-11 16:39:16 [main] INFO  api.test.UserTests - ***********Creating user************
2026-03-11 16:39:19 [main] INFO  api.test.UserTests - ***********User created successfully************
2026-03-11 16:39:19 [main] INFO  api.test.UserTests - ***********Reading user details************
2026-03-11 16:39:21 [main] INFO  api.test.UserTests - ***********User details retrieved successfully************
2026-03-11 16:39:21 [main] INFO  api.test.UserTests - ***********Updating user details************
2026-03-11 16:39:23 [main] INFO  api.test.UserTests - ***********User details updated successfully************
2026-03-11 16:39:23 [main] INFO  api.test.UserTests - ***********Deleting user************
2026-03-11 16:39:26 [main] INFO  api.test.UserTests - ***********User deleted successfully************
2026-03-11 16:40:22 [main] INFO  api.test.UserTests - ***********Creating user************
2026-03-11 16:40:25 [main] INFO  api.test.UserTests - ***********User created successfully************
2026-03-11 16:40:25 [main] INFO  api.test.UserTests - ***********Reading user details************
2026-03-11 16:40:26 [main] INFO  api.test.UserTests - ***********User details retrieved successfully************
2026-03-11 16:40:26 [main] INFO  api.test.UserTests - ***********Updating user details************
2026-03-11 16:40:29 [main] INFO  api.test.UserTests - ***********User details updated successfully************
2026-03-11 16:40:29 [main] INFO  api.test.UserTests - ***********Deleting user************
2026-03-11 16:40:32 [main] INFO  api.test.UserTests - ***********User deleted successfully************
2026-03-11 18:24:57 [main] INFO  api.test.UserTests - ***********Creating user************
2026-03-11 18:25:00 [main] INFO  api.test.UserTests - ***********User created successfully************
2026-03-11 18:25:00 [main] INFO  api.test.UserTests - ***********Reading user details************
2026-03-11 18:25:01 [main] INFO  api.test.UserTests - ***********User details retrieved successfully************
2026-03-11 18:25:01 [main] INFO  api.test.UserTests - ***********Updating user details************
2026-03-11 18:25:04 [main] INFO  api.test.UserTests - ***********User details updated successfully************
2026-03-11 18:25:04 [main] INFO  api.test.UserTests - ***********Deleting user************
2026-03-11 18:25:07 [main] INFO  api.test.UserTests - ***********User deleted successfully************
2026-03-11 18:29:03 [main] INFO  api.test.UserTests - ***********Creating user************
2026-03-11 18:29:06 [main] INFO  api.test.UserTests - ***********User created successfully************
2026-03-11 18:29:06 [main] INFO  api.test.UserTests - ***********Reading user details************
2026-03-11 18:29:07 [main] INFO  api.test.UserTests - ***********User details retrieved successfully************
2026-03-11 18:29:07 [main] INFO  api.test.UserTests - ***********Updating user details************
2026-03-11 18:29:10 [main] INFO  api.test.UserTests - ***********User details updated successfully************
2026-03-11 18:29:10 [main] INFO  api.test.UserTests - ***********Deleting user************
2026-03-11 18:29:13 [main] INFO  api.test.UserTests - ***********User deleted successfully************
2026-03-11 18:51:17 [main] INFO  api.test.UserTests - ***********Creating user************
2026-03-11 18:51:19 [main] INFO  api.test.UserTests - ***********User created successfully************
2026-03-11 18:51:19 [main] INFO  api.test.UserTests - ***********Reading user details************
2026-03-11 18:51:21 [main] INFO  api.test.UserTests - ***********User details retrieved successfully************
2026-03-11 18:51:21 [main] INFO  api.test.UserTests - ***********Updating user details************
2026-03-11 18:51:23 [main] INFO  api.test.UserTests - ***********User details updated successfully************
2026-03-11 18:51:23 [main] INFO  api.test.UserTests - ***********Deleting user************
2026-03-11 18:51:26 [main] INFO  api.test.UserTests - ***********User deleted successfully************
2026-03-12 12:45:28 [main] INFO  api.test.UserTests2 - ***********Creating user************
2026-03-12 12:45:30 [main] INFO  api.test.UserTests2 - ***********Reading user details************
2026-03-12 12:45:32 [main] INFO  api.test.UserTests2 - ***********Updating user details************
2026-03-12 12:45:33 [main] INFO  api.test.UserTests2 - ***********Deleting user************
2026-03-12 12:46:18 [main] INFO  api.test.UserTests2 - ***********Creating user************
2026-03-12 12:46:20 [main] INFO  api.test.UserTests2 - ***********Reading user details************
2026-03-12 12:46:22 [main] INFO  api.test.UserTests2 - ***********Updating user details************
2026-03-12 12:46:22 [main] INFO  api.test.UserTests2 - ***********Deleting user************
2026-03-12 12:48:17 [main] INFO  api.test.UserTests2 - ***********Creating user************
2026-03-12 12:48:19 [main] INFO  api.test.UserTests2 - ***********User created successfully************
2026-03-12 12:48:19 [main] INFO  api.test.UserTests2 - ***********Reading user details************
2026-03-12 12:48:20 [main] INFO  api.test.UserTests2 - ***********User details retrieved successfully************
2026-03-12 12:48:20 [main] INFO  api.test.UserTests2 - ***********Updating user details************
2026-03-12 12:48:22 [main] INFO  api.test.UserTests2 - ***********User details updated successfully************
2026-03-12 12:48:22 [main] INFO  api.test.UserTests2 - ***********Deleting user************
2026-03-12 12:48:24 [main] INFO  api.test.UserTests2 - ***********User deleted successfully************
2026-03-12 14:15:44 [main] INFO  api.test.UserTests2 - ***********Creating user************
2026-03-12 14:15:47 [main] INFO  api.test.UserTests2 - ***********User created successfully************
2026-03-12 14:15:47 [main] INFO  api.test.UserTests2 - ***********Reading user details************
2026-03-12 14:15:49 [main] INFO  api.test.UserTests2 - ***********User details retrieved successfully************
2026-03-12 14:15:49 [main] INFO  api.test.UserTests2 - ***********Updating user details************
2026-03-12 14:15:51 [main] INFO  api.test.UserTests2 - ***********User details updated successfully************
2026-03-12 14:15:51 [main] INFO  api.test.UserTests2 - ***********Deleting user************
2026-03-12 14:15:54 [main] INFO  api.test.UserTests2 - ***********User deleted successfully************
2026-03-12 15:08:36 [main] INFO  api.test.UserTests2 - ***********Creating user************
2026-03-12 15:08:40 [main] INFO  api.test.UserTests2 - ***********User created successfully************
2026-03-12 15:08:40 [main] INFO  api.test.UserTests2 - ***********Reading user details************
2026-03-12 15:08:41 [main] INFO  api.test.UserTests2 - ***********User details retrieved successfully************
2026-03-12 15:08:41 [main] INFO  api.test.UserTests2 - ***********Updating user details************
2026-03-12 15:08:44 [main] INFO  api.test.UserTests2 - ***********User details updated successfully************
2026-03-12 15:08:44 [main] INFO  api.test.UserTests2 - ***********Deleting user************
2026-03-12 15:08:46 [main] INFO  api.test.UserTests2 - ***********User deleted successfully************
